******************************************************************************
                  MSP430 Linker PC v4.4.4                      
******************************************************************************
>> Linked Thu Jul 09 02:04:58 2015

OUTPUT FILE NAME:   <GY85.out>
ENTRY POINT SYMBOL: "_c_int00_noargs_noexit"  address: 0000c3c4


MEMORY CONFIGURATION

         name            origin    length      used     unused   attr    fill
----------------------  --------  ---------  --------  --------  ----  --------
  SFR                   00000000   00000010  00000000  00000010  RWIX
  PERIPHERALS_8BIT      00000010   000000f0  00000000  000000f0  RWIX
  PERIPHERALS_16BIT     00000100   00000100  00000000  00000100  RWIX
  RAM                   00000200   00000200  0000005b  000001a5  RWIX
  INFOD                 00001000   00000040  00000000  00000040  RWIX
  INFOC                 00001040   00000040  00000000  00000040  RWIX
  INFOB                 00001080   00000040  00000000  00000040  RWIX
  INFOA                 000010c0   00000040  00000000  00000040  RWIX
  FLASH                 0000c000   00003fe0  000005e4  000039fc  RWIX
  INT00                 0000ffe0   00000002  00000002  00000000  RWIX
  INT01                 0000ffe2   00000002  00000000  00000002  RWIX
  INT02                 0000ffe4   00000002  00000002  00000000  RWIX
  INT03                 0000ffe6   00000002  00000002  00000000  RWIX
  INT04                 0000ffe8   00000002  00000000  00000002  RWIX
  INT05                 0000ffea   00000002  00000002  00000000  RWIX
  INT06                 0000ffec   00000002  00000002  00000000  RWIX
  INT07                 0000ffee   00000002  00000002  00000000  RWIX
  INT08                 0000fff0   00000002  00000002  00000000  RWIX
  INT09                 0000fff2   00000002  00000002  00000000  RWIX
  INT10                 0000fff4   00000002  00000002  00000000  RWIX
  INT11                 0000fff6   00000002  00000002  00000000  RWIX
  INT12                 0000fff8   00000002  00000002  00000000  RWIX
  INT13                 0000fffa   00000002  00000002  00000000  RWIX
  INT14                 0000fffc   00000002  00000002  00000000  RWIX
  RESET                 0000fffe   00000002  00000002  00000000  RWIX


SECTION ALLOCATION MAP

 output                                  attributes/
section   page    origin      length       input sections
--------  ----  ----------  ----------   ----------------
.bss       0    00000200    0000001a     UNINITIALIZED
                  00000200    00000010     (.common:buffer_lectura_I2C)
                  00000210    00000004     (.common:buffer_escritura_I2C)
                  00000214    00000004     (.common:buffer_escritura_UART)
                  00000218    00000001     (.common:i_I2C)
                  00000219    00000001     (.common:lar_I2C)

.data      0    0000021a    00000001     UNINITIALIZED
                  0000021a    00000001     main.obj (.data)

.stack     0    000003c0    00000040     UNINITIALIZED
                  000003c0    00000002     boot.ae430 : boot.oe430 (.stack)
                  000003c2    0000003e     --HOLE--

.text      0    0000c000    000005cc     
                  0000c000    00000084     main.obj (.text:main)
                  0000c084    00000064     rts430_eabi.lib : copy_decompress_rle.obj (.text:__TI_decompress_rle_core)
                  0000c0e8    00000064     boot.ae430 : autoinit.oe430 (.text:_auto_init)
                  0000c14c    00000050     grace.lib : InterruptVectors_init.obj (.text:USCI0TX_ISR_HOOK)
                  0000c19c    0000004c     HMC.obj (.text:configHMC)
                  0000c1e8    00000036     grace.lib : GPIO_init.obj (.text:GPIO_graceInit)
                  0000c21e    00000036     ADX.obj (.text:configADX)
                  0000c254    00000034     grace.lib : BCSplus_init.obj (.text:BCSplus_graceInit)
                  0000c288    00000032     i2c.obj (.text:leeI2C)
                  0000c2ba    00000030     HMC.obj (.text:verificaComHMC)
                  0000c2ea    0000002e     grace.lib : USCI_B0_init.obj (.text:USCI_B0_graceInit)
                  0000c318    0000002e     ITG.obj (.text:verificaComITG)
                  0000c346    0000002c     ADX.obj (.text:verificaComADX)
                  0000c372    0000002a     grace.lib : InterruptVectors_init.obj (.text:USCI0RX_ISR_HOOK)
                  0000c39c    00000028               : System_init.obj (.text:System_graceInit)
                  0000c3c4    00000026     boot.ae430 : boot_special.oe430 (.text:_c_int00_noargs_noexit)
                  0000c3ea    00000026     i2c.obj (.text:escribeI2C)
                  0000c410    00000026     i2c.obj (.text:rutildeRX)
                  0000c436    00000024     grace.lib : Grace_init.obj (.text:Grace_init)
                  0000c45a    00000024     ADX.obj (.text:leeADXxyz)
                  0000c47e    00000024     HMC.obj (.text:leeHMCxzy)
                  0000c4a2    00000024     ITG.obj (.text:leeITGxyz)
                  0000c4c6    00000022     i2c.obj (.text:rutildeTX)
                  0000c4e8    0000001c     grace.lib : USCI_A0_init.obj (.text:USCI_A0_graceInit)
                  0000c504    00000018     uart.obj (.text:envia_uart)
                  0000c51c    00000016     retardos.obj (.text:delay_ms)
                  0000c532    00000014     rts430_eabi.lib : copy_zero_init.obj (.text:decompress:ZI:__TI_zero_init)
                  0000c546    00000012                     : copy_decompress_none.obj (.text:decompress:none:__TI_decompress_none)
                  0000c558    00000012     i2c.obj (.text:detieneInterrupciones)
                  0000c56a    00000012     rts430_eabi.lib : memcpy.obj (.text:memcpy)
                  0000c57c    00000010                     : epilog.obj (.text)
                  0000c58c    0000000e     uart.obj (.text:espera_demanda_uart)
                  0000c59a    0000000a     i2c.obj (.text:preparaInterrupci_u00f3nRxI2C)
                  0000c5a4    0000000a     i2c.obj (.text:preparaInterrupci_u00f3nTxI2C)
                  0000c5ae    00000008     grace.lib : WDTplus_init.obj (.text:WDTplus_graceInit)
                  0000c5b6    00000006     rts430_eabi.lib : isr_trap.obj (.text:_isr:__TI_ISR_TRAP)
                  0000c5bc    00000006                     : copy_decompress_rle.obj (.text:decompress:rle24:__TI_decompress_rle24)
                  0000c5c2    00000004     boot.ae430 : pre_init.oe430 (.text:_system_pre_init)
                  0000c5c6    00000004     rts430_eabi.lib : exit.obj (.text:abort)
                  0000c5ca    00000002     grace.lib : InterruptVectors_init.obj (.text:InterruptVectors_graceInit)

.cinit     0    0000c5cc    00000018     
                  0000c5cc    00000006     (__TI_handler_table)
                  0000c5d2    00000005     (.cinit..data.load) [load image]
                  0000c5d7    00000001     --HOLE-- [fill = 0]
                  0000c5d8    00000004     (.cinit..bss.load) [load image, compression = zero_init]
                  0000c5dc    00000008     (__TI_cinit_table)

.init_array 
*          0    0000c000    00000000     UNINITIALIZED

.TI.persistent 
*          0    0000021a    00000000     UNINITIALIZED

TRAPINT    0    0000ffe0    00000002     
                  0000ffe0    00000002     rts430_eabi.lib : int00.obj (.int00)

PORT1      0    0000ffe4    00000002     
                  0000ffe4    00000002     rts430_eabi.lib : int02.obj (.int02)

PORT2      0    0000ffe6    00000002     
                  0000ffe6    00000002     rts430_eabi.lib : int03.obj (.int03)

ADC10      0    0000ffea    00000002     
                  0000ffea    00000002     rts430_eabi.lib : int05.obj (.int05)

USCIAB0TX 
*          0    0000ffec    00000002     
                  0000ffec    00000002     grace.lib : InterruptVectors_init.obj (.int06)

USCIAB0RX 
*          0    0000ffee    00000002     
                  0000ffee    00000002     grace.lib : InterruptVectors_init.obj (.int07)

TIMER0_A1 
*          0    0000fff0    00000002     
                  0000fff0    00000002     rts430_eabi.lib : int08.obj (.int08)

TIMER0_A0 
*          0    0000fff2    00000002     
                  0000fff2    00000002     rts430_eabi.lib : int09.obj (.int09)

WDT        0    0000fff4    00000002     
                  0000fff4    00000002     rts430_eabi.lib : int10.obj (.int10)

COMPARATORA 
*          0    0000fff6    00000002     
                  0000fff6    00000002     rts430_eabi.lib : int11.obj (.int11)

TIMER1_A1 
*          0    0000fff8    00000002     
                  0000fff8    00000002     rts430_eabi.lib : int12.obj (.int12)

TIMER1_A0 
*          0    0000fffa    00000002     
                  0000fffa    00000002     rts430_eabi.lib : int13.obj (.int13)

NMI        0    0000fffc    00000002     
                  0000fffc    00000002     rts430_eabi.lib : int14.obj (.int14)

.reset     0    0000fffe    00000002     
                  0000fffe    00000002     boot.ae430 : boot.oe430 (.reset)

xdc.meta   0    00000000    000000e8     COPY SECTION
                  00000000    000000e8     main_pe430.oe430 (xdc.meta)


LINKER GENERATED COPY TABLES

__TI_cinit_table @ 0000c5dc records: 2, size/record: 4, table size: 8
	.data: load addr=0000c5d2, load size=00000005 bytes, run addr=0000021a, run size=00000001 bytes, compression=copy
	.bss: load addr=0000c5d8, load size=00000004 bytes, run addr=00000200, run size=0000001a bytes, compression=zero_init


LINKER GENERATED HANDLER TABLE

__TI_handler_table @ 0000c5cc records: 3, size/record: 2, table size: 6
	index: 0, handler: __TI_zero_init
	index: 1, handler: __TI_decompress_rle24
	index: 2, handler: __TI_decompress_none


GLOBAL SYMBOLS: SORTED ALPHABETICALLY BY Name 

address   name                            
-------   ----                            
0000004a  ADC10AE0                        
000001b0  ADC10CTL0                       
000001b2  ADC10CTL1                       
00000048  ADC10DTC0                       
00000049  ADC10DTC1                       
000001b4  ADC10MEM                        
000001bc  ADC10SA                         
00000057  BCSCTL1                         
00000058  BCSCTL2                         
00000053  BCSCTL3                         
0000c254  BCSplus_graceInit               
0000c5c6  C$$EXIT                         
00000059  CACTL1                          
0000005a  CACTL2                          
000010fb  CALBC1_12MHZ                    
000010f9  CALBC1_16MHZ                    
000010ff  CALBC1_1MHZ                     
000010fd  CALBC1_8MHZ                     
000010fa  CALDCO_12MHZ                    
000010f8  CALDCO_16MHZ                    
000010fe  CALDCO_1MHZ                     
000010fc  CALDCO_8MHZ                     
0000005b  CAPD                            
00000056  DCOCTL                          
00000128  FCTL1                           
0000012a  FCTL2                           
0000012c  FCTL3                           
0000c1e8  GPIO_graceInit                  
0000c436  Grace_init                      
00000000  IE1                             
00000001  IE2                             
00000002  IFG1                            
00000003  IFG2                            
0000c5ca  InterruptVectors_graceInit      
00000022  P1DIR                           
00000025  P1IE                            
00000024  P1IES                           
00000023  P1IFG                           
00000020  P1IN                            
00000021  P1OUT                           
00000027  P1REN                           
00000026  P1SEL                           
00000041  P1SEL2                          
0000002a  P2DIR                           
0000002d  P2IE                            
0000002c  P2IES                           
0000002b  P2IFG                           
00000028  P2IN                            
00000029  P2OUT                           
0000002f  P2REN                           
0000002e  P2SEL                           
00000042  P2SEL2                          
0000001a  P3DIR                           
00000018  P3IN                            
00000019  P3OUT                           
00000010  P3REN                           
0000001b  P3SEL                           
00000043  P3SEL2                          
0000c39c  System_graceInit                
00000172  TA0CCR0                         
00000174  TA0CCR1                         
00000176  TA0CCR2                         
00000162  TA0CCTL0                        
00000164  TA0CCTL1                        
00000166  TA0CCTL2                        
00000160  TA0CTL                          
0000012e  TA0IV                           
00000170  TA0R                            
00000192  TA1CCR0                         
00000194  TA1CCR1                         
00000196  TA1CCR2                         
00000182  TA1CCTL0                        
00000184  TA1CCTL1                        
00000186  TA1CCTL2                        
00000180  TA1CTL                          
0000011e  TA1IV                           
00000190  TA1R                            
000010db  TLV_ADC10_1_LEN                 
000010da  TLV_ADC10_1_TAG                 
000010c0  TLV_CHECKSUM                    
000010f7  TLV_DCO_30_LEN                  
000010f6  TLV_DCO_30_TAG                  
0000005d  UCA0ABCTL                       
00000062  UCA0BR0                         
00000063  UCA0BR1                         
00000060  UCA0CTL0                        
00000061  UCA0CTL1                        
0000005f  UCA0IRRCTL                      
0000005e  UCA0IRTCTL                      
00000064  UCA0MCTL                        
00000066  UCA0RXBUF                       
00000065  UCA0STAT                        
00000067  UCA0TXBUF                       
0000006a  UCB0BR0                         
0000006b  UCB0BR1                         
00000068  UCB0CTL0                        
00000069  UCB0CTL1                        
0000006c  UCB0I2CIE                       
00000118  UCB0I2COA                       
0000011a  UCB0I2CSA                       
0000006e  UCB0RXBUF                       
0000006d  UCB0STAT                        
0000006f  UCB0TXBUF                       
0000c372  USCI0RX_ISR_HOOK                
0000c14c  USCI0TX_ISR_HOOK                
0000c4e8  USCI_A0_graceInit               
0000c2ea  USCI_B0_graceInit               
00000120  WDTCTL                          
0000c5ae  WDTplus_graceInit               
00000000  __ASM__                         
0000005e  __ISA__                         
00000070  __PLAT__                        
00000400  __STACK_END                     
00000040  __STACK_SIZE                    
00000094  __TARG__                        
0000c5dc  __TI_CINIT_Base                 
0000c5e4  __TI_CINIT_Limit                
0000c5cc  __TI_Handler_Table_Base         
0000c5d2  __TI_Handler_Table_Limit        
UNDEFED   __TI_INITARRAY_Base             
UNDEFED   __TI_INITARRAY_Limit            
0000c5b6  __TI_ISR_TRAP                   
0000c546  __TI_decompress_none            
0000c5bc  __TI_decompress_rle24           
0000ffe0  __TI_int00                      
0000ffe4  __TI_int02                      
0000ffe6  __TI_int03                      
0000ffea  __TI_int05                      
0000ffec  __TI_int06                      
0000ffee  __TI_int07                      
0000fff0  __TI_int08                      
0000fff2  __TI_int09                      
0000fff4  __TI_int10                      
0000fff6  __TI_int11                      
0000fff8  __TI_int12                      
0000fffa  __TI_int13                      
0000fffc  __TI_int14                      
0000c532  __TI_zero_init                  
000000c0  __TRDR__                        
ffffffff  __binit__                       
ffffffff  __c_args__                      
0000c588  __mspabi_func_epilog_1          
0000c586  __mspabi_func_epilog_2          
0000c584  __mspabi_func_epilog_3          
0000c582  __mspabi_func_epilog_4          
0000c580  __mspabi_func_epilog_5          
0000c57e  __mspabi_func_epilog_6          
0000c57c  __mspabi_func_epilog_7          
0000c0e8  _auto_init                      
0000c3c4  _c_int00_noargs_noexit          
0000fffe  _reset_vector                   
000003c0  _stack                          
0000c5c2  _system_pre_init                
0000c5c6  abort                           
ffffffff  binit                           
00000210  buffer_escritura_I2C            
00000214  buffer_escritura_UART           
00000200  buffer_lectura_I2C              
0000c21e  configADX                       
0000c19c  configHMC                       
0000c51c  delay_ms                        
0000c558  detieneInterrupciones           
0000021a  disponiblesI2Cs                 
0000c504  envia_uart                      
0000c3ea  escribeI2C                      
0000c58c  espera_demanda_uart             
00000218  i_I2C                           
00000219  lar_I2C                         
0000c45a  leeADXxyz                       
0000c47e  leeHMCxzy                       
0000c288  leeI2C                          
0000c4a2  leeITGxyz                       
0000c000  main                            
0000c56a  memcpy                          
0000c59a  preparaInterrupci_u00f3nRxI2C   
0000c5a4  preparaInterrupci_u00f3nTxI2C   
0000c410  rutildeRX                       
0000c4c6  rutildeTX                       
0000c346  verificaComADX                  
0000c2ba  verificaComHMC                  
0000c318  verificaComITG                  
00000000  xdc_runtime_Startup__EXECFXN__C 
00000000  xdc_runtime_Startup__RESETFXN__C
00000000  xdc_runtime_Startup_exec__E     
00000000  xdc_runtime_Startup_reset__I    


GLOBAL SYMBOLS: SORTED BY Symbol Address 

address   name                            
-------   ----                            
00000000  IE1                             
00000000  __ASM__                         
00000000  xdc_runtime_Startup__EXECFXN__C 
00000000  xdc_runtime_Startup__RESETFXN__C
00000000  xdc_runtime_Startup_exec__E     
00000000  xdc_runtime_Startup_reset__I    
00000001  IE2                             
00000002  IFG1                            
00000003  IFG2                            
00000010  P3REN                           
00000018  P3IN                            
00000019  P3OUT                           
0000001a  P3DIR                           
0000001b  P3SEL                           
00000020  P1IN                            
00000021  P1OUT                           
00000022  P1DIR                           
00000023  P1IFG                           
00000024  P1IES                           
00000025  P1IE                            
00000026  P1SEL                           
00000027  P1REN                           
00000028  P2IN                            
00000029  P2OUT                           
0000002a  P2DIR                           
0000002b  P2IFG                           
0000002c  P2IES                           
0000002d  P2IE                            
0000002e  P2SEL                           
0000002f  P2REN                           
00000040  __STACK_SIZE                    
00000041  P1SEL2                          
00000042  P2SEL2                          
00000043  P3SEL2                          
00000048  ADC10DTC0                       
00000049  ADC10DTC1                       
0000004a  ADC10AE0                        
00000053  BCSCTL3                         
00000056  DCOCTL                          
00000057  BCSCTL1                         
00000058  BCSCTL2                         
00000059  CACTL1                          
0000005a  CACTL2                          
0000005b  CAPD                            
0000005d  UCA0ABCTL                       
0000005e  UCA0IRTCTL                      
0000005e  __ISA__                         
0000005f  UCA0IRRCTL                      
00000060  UCA0CTL0                        
00000061  UCA0CTL1                        
00000062  UCA0BR0                         
00000063  UCA0BR1                         
00000064  UCA0MCTL                        
00000065  UCA0STAT                        
00000066  UCA0RXBUF                       
00000067  UCA0TXBUF                       
00000068  UCB0CTL0                        
00000069  UCB0CTL1                        
0000006a  UCB0BR0                         
0000006b  UCB0BR1                         
0000006c  UCB0I2CIE                       
0000006d  UCB0STAT                        
0000006e  UCB0RXBUF                       
0000006f  UCB0TXBUF                       
00000070  __PLAT__                        
00000094  __TARG__                        
000000c0  __TRDR__                        
00000118  UCB0I2COA                       
0000011a  UCB0I2CSA                       
0000011e  TA1IV                           
00000120  WDTCTL                          
00000128  FCTL1                           
0000012a  FCTL2                           
0000012c  FCTL3                           
0000012e  TA0IV                           
00000160  TA0CTL                          
00000162  TA0CCTL0                        
00000164  TA0CCTL1                        
00000166  TA0CCTL2                        
00000170  TA0R                            
00000172  TA0CCR0                         
00000174  TA0CCR1                         
00000176  TA0CCR2                         
00000180  TA1CTL                          
00000182  TA1CCTL0                        
00000184  TA1CCTL1                        
00000186  TA1CCTL2                        
00000190  TA1R                            
00000192  TA1CCR0                         
00000194  TA1CCR1                         
00000196  TA1CCR2                         
000001b0  ADC10CTL0                       
000001b2  ADC10CTL1                       
000001b4  ADC10MEM                        
000001bc  ADC10SA                         
00000200  buffer_lectura_I2C              
00000210  buffer_escritura_I2C            
00000214  buffer_escritura_UART           
00000218  i_I2C                           
00000219  lar_I2C                         
0000021a  disponiblesI2Cs                 
000003c0  _stack                          
00000400  __STACK_END                     
000010c0  TLV_CHECKSUM                    
000010da  TLV_ADC10_1_TAG                 
000010db  TLV_ADC10_1_LEN                 
000010f6  TLV_DCO_30_TAG                  
000010f7  TLV_DCO_30_LEN                  
000010f8  CALDCO_16MHZ                    
000010f9  CALBC1_16MHZ                    
000010fa  CALDCO_12MHZ                    
000010fb  CALBC1_12MHZ                    
000010fc  CALDCO_8MHZ                     
000010fd  CALBC1_8MHZ                     
000010fe  CALDCO_1MHZ                     
000010ff  CALBC1_1MHZ                     
0000c000  main                            
0000c0e8  _auto_init                      
0000c14c  USCI0TX_ISR_HOOK                
0000c19c  configHMC                       
0000c1e8  GPIO_graceInit                  
0000c21e  configADX                       
0000c254  BCSplus_graceInit               
0000c288  leeI2C                          
0000c2ba  verificaComHMC                  
0000c2ea  USCI_B0_graceInit               
0000c318  verificaComITG                  
0000c346  verificaComADX                  
0000c372  USCI0RX_ISR_HOOK                
0000c39c  System_graceInit                
0000c3c4  _c_int00_noargs_noexit          
0000c3ea  escribeI2C                      
0000c410  rutildeRX                       
0000c436  Grace_init                      
0000c45a  leeADXxyz                       
0000c47e  leeHMCxzy                       
0000c4a2  leeITGxyz                       
0000c4c6  rutildeTX                       
0000c4e8  USCI_A0_graceInit               
0000c504  envia_uart                      
0000c51c  delay_ms                        
0000c532  __TI_zero_init                  
0000c546  __TI_decompress_none            
0000c558  detieneInterrupciones           
0000c56a  memcpy                          
0000c57c  __mspabi_func_epilog_7          
0000c57e  __mspabi_func_epilog_6          
0000c580  __mspabi_func_epilog_5          
0000c582  __mspabi_func_epilog_4          
0000c584  __mspabi_func_epilog_3          
0000c586  __mspabi_func_epilog_2          
0000c588  __mspabi_func_epilog_1          
0000c58c  espera_demanda_uart             
0000c59a  preparaInterrupci_u00f3nRxI2C   
0000c5a4  preparaInterrupci_u00f3nTxI2C   
0000c5ae  WDTplus_graceInit               
0000c5b6  __TI_ISR_TRAP                   
0000c5bc  __TI_decompress_rle24           
0000c5c2  _system_pre_init                
0000c5c6  C$$EXIT                         
0000c5c6  abort                           
0000c5ca  InterruptVectors_graceInit      
0000c5cc  __TI_Handler_Table_Base         
0000c5d2  __TI_Handler_Table_Limit        
0000c5dc  __TI_CINIT_Base                 
0000c5e4  __TI_CINIT_Limit                
0000ffe0  __TI_int00                      
0000ffe4  __TI_int02                      
0000ffe6  __TI_int03                      
0000ffea  __TI_int05                      
0000ffec  __TI_int06                      
0000ffee  __TI_int07                      
0000fff0  __TI_int08                      
0000fff2  __TI_int09                      
0000fff4  __TI_int10                      
0000fff6  __TI_int11                      
0000fff8  __TI_int12                      
0000fffa  __TI_int13                      
0000fffc  __TI_int14                      
0000fffe  _reset_vector                   
ffffffff  __binit__                       
ffffffff  __c_args__                      
ffffffff  binit                           
UNDEFED   __TI_INITARRAY_Base             
UNDEFED   __TI_INITARRAY_Limit            

[185 symbols]
